// Jest Snapshot v1, https://goo.gl/fbAQLP

exports[`should render expense list with expenses 1`] = `
<div>
  <ExpenseListItem
    amount={2500}
    createdAt={0}
    description="burn"
    id="1"
    key="1"
    note=""
  />
  <ExpenseListItem
    amount={5000}
    createdAt={-345600000}
    description="hells"
    id="2"
    key="2"
    note=""
  />
  <ExpenseListItem
    amount={1500}
    createdAt={345600000}
    description="learn"
    id="3"
    key="3"
    note=""
  />
</div>
`;

exports[`shoulder render expenseList with empty message 1`] = `
<div>
  <p>
    No expenses
  </p>
</div>
`;
