// Jest Snapshot v1, https://goo.gl/fbAQLP

exports[`should render ExpenseListItem 1`] = `
<div>
  <[object Object]
    to="/edit/1"
  >
    <h3>
      burn
    </h3>
  </[object Object]>
  <p>
    $25.00
    -
    January 1st, 1970
  </p>
</div>
`;
